============================================================
专利权利要求处理报告
============================================================

【处理统计】
  处理单元格总数: 10
  提取权利要求总数: 3
  独立权利要求数量: 2
  从属权利要求数量: 1
  处理成功率: 100.00%

【语言分布】
  zh: 2 (66.7%)
  en: 1 (33.3%)

【错误报告】
  WARNING (1个):
    - 单元格 5: 单元格格式不规范

【权利要求概览】
  权利要求序号范围: 1 - 3
  引用关系总数: 1
  平均置信度: 0.93

============================================================
报告生成时间: 2026-01-18 00:04:44
============================================================